// Jest Snapshot v1, https://goo.gl/fbAQLP

exports[`Watch renders 1`] = `
<div
  className="watch-grid"
>
  <Video
    className="video"
    id="MHTXEACrjFM"
  />
  <div
    className="metadata"
    style={
      Object {
        "background": "#F91112",
        "height": "100px",
        "width": "100%",
      }
    }
  >
    Metadata
  </div>
  <div
    className="comments"
    style={
      Object {
        "background": "#F5A623",
        "height": "100px",
        "width": "100%",
      }
    }
  >
    comments
  </div>
  <RelatedVideos
    className="relatedVideos"
  />
</div>
`;
